Execute command + resources for jD
  cmd = echo "dependent job 3 <exec 1>"
  mpiranks : 40
  idlempirankspernode : 0
  threads : 27
Execute command + resources for jA
  cmd = echo "dependent job 3 <exec 1>"
  mpiranks : 40
  idlempirankspernode : 0
  threads : 27
  cmd = echo "dependent job 2 <exec 2>"
  mpiranks : 1
  idlempirankspernode : 0
  threads : 1
  cmd = echo "dependent job 1 <exec 3>"
  mpiranks : 140
  idlempirankspernode : 0
  threads : 1
  cmd = echo "job A"
  mpiranks : 4
  idlempirankspernode : 0
  threads : 11
Resources required for jD:      name = job  :
mpiranks : 40
idlempirankspernode : 0
threads : 27
Max. resources required for jD: name = job  :
mpiranks : 40
idlempirankspernode : 0
threads : 27
Resources required for jA:      name = DMDA_interpolation_<exec_4>  :
mpiranks : 4
idlempirankspernode : 0
threads : 11
Max. resources required for jA: name = DMDA_interpolation_<exec_4>  :
mpiranks : 140
idlempirankspernode : 0
threads : 27
