[ -- Removing output for Test: foo -- ]
[ -- Removing output for Test: foo2 -- ]
[ -- Removing output for Test: foo_fail -- ]
[ -- Removing output for Test: missing -- ]
[ -- Removing output for Test: many words -- ]
[36m[Executing foo][0m from <<TEST DIR STRIPPED>>/module_input_sandbox/foo_output/sandbox
['echo', 'foo']
[36m[Executing foo2][0m from <<TEST DIR STRIPPED>>/module_input_sandbox/foo2_output/sandbox
['echo', 'foo']
[36m[Executing foo_fail][0m from <<TEST DIR STRIPPED>>/module_input_sandbox/foo_fail_output/sandbox
['echo', 'foox']
[36m[Executing missing][0m from <<TEST DIR STRIPPED>>/module_input_sandbox/missing_output/sandbox
['echo', 'missing']
[36m[Executing many_words][0m from <<TEST DIR STRIPPED>>/module_input_sandbox/many words_output/sandbox
['echo', 'many words']
--- Error Reports ---
[Report for foo_fail]
1c1
< foo
---
> foox
[UnixDiff] Expected and output files are not identical
[UnixDiff] Expected file: "../harness/test4_data/foo.expected"
[UnixDiff] Output file  : "sciath.job-foo_fail.stdout"
[Report for missing]
[UnixDiff] Expected file "../harness/test4_data/missing.expected" was not found
-- Summary --
foo : pass (verification was successful)
foo2 : pass (verification was successful)
foo_fail : fail (verification failed)
missing : fail (expected/comparison file not found)
many words : pass (verification was successful)
TEST SUCCESS NOT CONFIRMED
