[ -- Removing output for Test: foo -- ]
[ -- Removing output for Test: foo2 -- ]
[ -- Removing output for Test: foo_fail -- ]
[ -- Removing output for Test: missing -- ]
[ -- Removing output for Test: many words -- ]
[ -- Removing output for Test: comp_file -- ]
[ -- Removing output for Test: comp_file_fail -- ]
[36m[Executing foo][0m from <<TEST DIR STRIPPED>>/module_input_sandbox/foo_output/sandbox
echo foo
[36m[Executing foo2][0m from <<TEST DIR STRIPPED>>/module_input_sandbox/foo2_output/sandbox
echo foo
[36m[Executing foo_fail][0m from <<TEST DIR STRIPPED>>/module_input_sandbox/foo_fail_output/sandbox
echo foox
[36m[Executing missing][0m from <<TEST DIR STRIPPED>>/module_input_sandbox/missing_output/sandbox
echo missing
[36m[Executing many_words][0m from <<TEST DIR STRIPPED>>/module_input_sandbox/many words_output/sandbox
echo 'many words'
[36m[Executing comp_file][0m from <<TEST DIR STRIPPED>>/module_input_sandbox/comp_file_output/sandbox
sh -c 'echo qux > compare_me.txt'
[36m[Executing comp_file_fail][0m from <<TEST DIR STRIPPED>>/module_input_sandbox/comp_file_fail_output/sandbox
sh -c 'echo qux > compare_me.txt'
--- Error Reports ---
[Report for foo_fail]
--- ../harness/test4_data/foo.expected
+++ <<TEST DIR STRIPPED>>/module_input_sandbox/foo_fail_output/sciath.job-foo_fail.stdout
@@ -1 +1 @@
-foo
+foox
[Report for missing]
[Comparison] Expected file missing: ../harness/test4_data/missing.expected
[Report for comp_file_fail]
--- ../harness/test4_data/comp_file_fail.expected
+++ <<TEST DIR STRIPPED>>/module_input_sandbox/comp_file_fail_output/sandbox/compare_me.txt
@@ -1 +1 @@
-foo
+qux
-- Summary --
foo : pass (verification was successful)
foo2 : pass (verification was successful)
foo_fail : fail (verification failed)
missing : fail (expected/comparison file not found)
many words : pass (verification was successful)
comp_file : pass (verification was successful)
comp_file_fail : fail (verification failed)
TEST SUCCESS NOT CONFIRMED
