** ====================================================================================== 
**
**             ___________                          _______
**     _______/          /_____ ________ __ _   ___/       \ ____
**    /      /___    ___/      /__   __/  /  \ /  /\__ _   /     \
**   /  //  /   /   /  /  //  /  /  / /  /    /  /___/_   /  //  /
**  /  ___ /   /   /  /  _   /  /  / /  /  /    //       /  //  /
** /__/       /___/  /__//__/  /__/ /__/__/ \__//_______/______/
**
** Authors:  Dave A. May          (dave.may@erdw.ethz.ch)           
**           Laetitia Le Pourhiet (laetitia.le_pourhiet@upmc.fr)    
**
** Repository UUID: 26174531-3d5a-4d31-aba0-7a6658d032cb 
** Revision: 5040 
** Log: r5040 | dmay | 2013-12-17 21:03:16 +0100 (Tue, 17 Dec 2013) | 1 line 
**                                                                       
** TATIN_CFLAGS = -std=gnu99 -O0 -g -Wall -Wno-switch -Wno-unused-function
**                                                                       
** WARNING pTatin3d appears to have been compiled with debug options 
** For significant performance improvements, please consult the file makefile.arch  
** Adjust TATIN_CFLAGS to include aggressive compiler optimizations 
**                                                                       
** ====================================================================================== 
RheologyConstantsInitialise: global viscosity cut-off, min= 1.000000e-100, max = 1.000000e+100  
[pTatin] Writing output to existing directory: pt3dout 
[pTatin] Created log file: pt3dout/ptatin.log-2014.12.16_13:33:23 
[pTatin] Writing output to existing directory: pt3dout 
[pTatin] Created options file: pt3dout/ptatin.options-2014.12.16_13:33:23 
[pTatin] Created options file: pt3dout/ptatin.options 
  [pTatinModel]: Registering model [0] with name "template"
  [pTatinModel]: Registering model [1] with name "viscous_sinker"
  [pTatinModel]: Registering model [2] with name "Gene3D"
  [pTatinModel]: Registering model [3] with name "Gene3DNueve"
  [pTatinModel]: Registering model [4] with name "indentor"
  [pTatinModel]: Registering model [5] with name "rift3D"
  [pTatinModel]: Registering model [6] with name "rift3D_T"
  [pTatinModel]: Registering model [7] with name "sierra"
  [pTatinModel]: Registering model [8] with name "advdiff_example"
  [pTatinModel]: Registering model [9] with name "delamination"
  [pTatinModel]: Registering model [10] with name "Riftrh"
  [pTatinModel]: Registering model [11] with name "geomod2008"
  [pTatinModel]: Registering model [12] with name "multilayer_folding"
  [pTatinModel]: Registering model [13] with name "submarinelavaflow"
  [pTatinModel]: Registering model [14] with name "ex_subduction"
  [pTatinModel]: Registering model [15] with name "iplus"
[[pTatinModelRegister_Subduction_Initiation2d]]
  [pTatinModel]: Registering model [16] with name "subduction_initiation2d"
[[pTatinModelRegister_Thermal_Convection2d]]
  [pTatinModel]: Registering model [17] with name "convection2d"
  [pTatinModel]: Registering model [18] with name "thermal_sb"
  [pTatinModel]: Registering model [19] with name "sd3d"
  [pTatinModel]: Registering model [20] with name "pas"
  [pTatinModel]: Registering model [21] with name "pd"
  [pTatinModel]: -ptatin_model "viscous_sinker" was detected
pTatin3dRestart: Required to specify a suffix for your restart file via -restart_prefix
pTatin3dRestart: Unable to restart job
[[ModelInitialize_ViscousSinker]]
BCList: Mem. usage (min,max) = 3.45e+00,3.45e+00 (MB) 
VolumeQuadratureCreate_GaussLegendreStokes:
	Using 3x3 pnt Gauss Legendre quadrature
DataBucketView(SEQ): ("GaussLegendre StokesCoefficients")
  L                  = 110592 
  buffer             = 1 
  allocated          = 110593 
  nfields registered = 1 
    [  0]: field name  ==>>              QPntVolCoefStokes : Mem. usage = 5.31e+00 (MB) 
  Total mem. usage                                                      = 5.31e+00 (MB) 
DataBucketView(SEQ): ("SurfaceGaussLegendre StokesCoefficients[face 0]")
  L                  = 2304 
  buffer             = 1 
  allocated          = 2305 
  nfields registered = 1 
    [  0]: field name  ==>>             QPntSurfCoefStokes : Mem. usage = 2.58e-01 (MB) 
  Total mem. usage                                                      = 2.58e-01 (MB) 
DataBucketView(SEQ): ("SurfaceGaussLegendre StokesCoefficients[face 1]")
  L                  = 2304 
  buffer             = 1 
  allocated          = 2305 
  nfields registered = 1 
    [  0]: field name  ==>>             QPntSurfCoefStokes : Mem. usage = 2.58e-01 (MB) 
  Total mem. usage                                                      = 2.58e-01 (MB) 
DataBucketView(SEQ): ("SurfaceGaussLegendre StokesCoefficients[face 2]")
  L                  = 2304 
  buffer             = 1 
  allocated          = 2305 
  nfields registered = 1 
    [  0]: field name  ==>>             QPntSurfCoefStokes : Mem. usage = 2.58e-01 (MB) 
  Total mem. usage                                                      = 2.58e-01 (MB) 
DataBucketView(SEQ): ("SurfaceGaussLegendre StokesCoefficients[face 3]")
  L                  = 2304 
  buffer             = 1 
  allocated          = 2305 
  nfields registered = 1 
    [  0]: field name  ==>>             QPntSurfCoefStokes : Mem. usage = 2.58e-01 (MB) 
  Total mem. usage                                                      = 2.58e-01 (MB) 
DataBucketView(SEQ): ("SurfaceGaussLegendre StokesCoefficients[face 4]")
  L                  = 2304 
  buffer             = 1 
  allocated          = 2305 
  nfields registered = 1 
    [  0]: field name  ==>>             QPntSurfCoefStokes : Mem. usage = 2.58e-01 (MB) 
  Total mem. usage                                                      = 2.58e-01 (MB) 
DataBucketView(SEQ): ("SurfaceGaussLegendre StokesCoefficients[face 5]")
  L                  = 2304 
  buffer             = 1 
  allocated          = 2305 
  nfields registered = 1 
    [  0]: field name  ==>>             QPntSurfCoefStokes : Mem. usage = 2.58e-01 (MB) 
  Total mem. usage                                                      = 2.58e-01 (MB) 
  MaterialPointsStokes: Using Q1 projection
[[Swarm initialization: 0.0014 (sec)]]
SwarmMPntStd_AssignUniquePointIdentifiers : max_pid = 0 
[[Swarm->coordinate assignment: 32768 points : 0.0115 (sec)]]
************************** Starting _DataExCompleteCommunicationMap ************************** 
max_nnz = 0 
Mat Object: 1 MPI processes
  type: seqaij
  rows=1, cols=1
  total: nonzeros=0, allocated nonzeros=0
  total number of mallocs used during MatSetValues calls =0
    not using I-node routines
************************** Ending _DataExCompleteCommunicationMap [setup time: 6.2793e-04 (sec)] ************************** 
[[SwarmDMDA3dDataExchangerCreate: time = 6.5720e-04 (sec)]]
[[ModelApplyInitialMeshGeometry_ViscousSinker]]
RUNNING DEFORMED MESH EXAMPLE 
[[ViscousSinker_ApplyInitialMaterialGeometry_SingleInclusion]]
[[ModelApplyBoundaryCondition_ViscousSinker]]
Mesh size (16 x 16 x 16) : MG levels 3  
         level [ 0]: global Q2 elements (2 x 8 x 2) 
         level [ 1]: global Q2 elements (4 x 16 x 4) 
         level [ 2]: global Q2 elements (16 x 16 x 16) 
[r   0]: level [ 0]: local Q2 elements  (2 x 8 x 2) 
[r   0]: level [ 1]: local Q2 elements  (4 x 16 x 4) 
[r   0]: level [ 2]: local Q2 elements  (16 x 16 x 16) 
[r   0]: level [ 0]: element range [0 - 1] x [0 - 7] x [0 - 1] 
[r   0]: level [ 1]: element range [0 - 3] x [0 - 15] x [0 - 3] 
[r   0]: level [ 2]: element range [0 - 15] x [0 - 15] x [0 - 15] 
VolumeQuadratureCreate_GaussLegendreStokes:
	Using 3x3 pnt Gauss Legendre quadrature
DataBucketView(SEQ): ("GaussLegendre StokesCoefficients")
  L                  = 864 
  buffer             = 1 
  allocated          = 865 
  nfields registered = 1 
    [  0]: field name  ==>>              QPntVolCoefStokes : Mem. usage = 4.15e-02 (MB) 
  Total mem. usage                                                      = 4.15e-02 (MB) 
VolumeQuadratureCreate_GaussLegendreStokes:
	Using 3x3 pnt Gauss Legendre quadrature
DataBucketView(SEQ): ("GaussLegendre StokesCoefficients")
  L                  = 6912 
  buffer             = 1 
  allocated          = 6913 
  nfields registered = 1 
    [  0]: field name  ==>>              QPntVolCoefStokes : Mem. usage = 3.32e-01 (MB) 
  Total mem. usage                                                      = 3.32e-01 (MB) 
BCList: Mem. usage (min,max) = 4.08e-02,4.08e-02 (MB) 
BCList: Mem. usage (min,max) = 2.57e-01,2.57e-01 (MB) 
[[ModelApplyBoundaryConditionMG_ViscousSinker]]
Level [2]: Coarse grid type :: Re-discretisation :: matrix free operator 
Level [1]: Coarse grid type :: Re-discretisation :: assembled operator 
Level [0]: Coarse grid type :: Galerkin :: assembled operator 
[[ModelInitialCondition_ViscousSinker]]
[[ModelOutput_ViscousSinker]]
  writing pvdfilename pt3dout/timeseries_vp.pvd 
[[DESIGN FLAW]] pTatin3d_ModelOutput_VelocityPressure_Stokes: require better physics modularity to extract (u,p) <---| (X) 
[[DESIGN FLAW]] pTatinOutputMeshVelocityPressureVTS_v0_binary: only printing P0 component of pressure field 
pTatin3d_ModelOutput_VelocityPressure_Stokes() -> icbc_vp.(pvd,pvts,vts): CPU time 1.99e-02 (sec) 
  writing pvdfilename pt3dout/timeseries_mpoints_std.pvd 
pTatin3d_ModelOutput_MPntStd() -> icbc_mpoints_std.(pvd,pvtu,vtu): CPU time 3.04e-02 (sec) 
   [[ COMPUTING FLOW FIELD FOR STEP : 0 ]]
*** Rheology update for RHEOLOGY_VISCOUS selected ***
Update rheology (viscous) [mpoint]: (min,max)_eta 1.00e-03,1.00e+00; log10(max/min) 3.00e+00; cpu time 7.03e-04 (sec)
Update rheology (viscous) [mpoint]: (min,max)_eta 1.00e-03,1.00e+00; log10(max/min) 3.00e+00; cpu time 1.02e-03 (sec)
    0 KSP Residual norm 0.00135998 
      Residual norms for fieldsplit_u_ solve.
      0 KSP Residual norm 1 
      1 KSP Residual norm 0.853107 
      2 KSP Residual norm 0.620006 
      3 KSP Residual norm 0.344953 
      4 KSP Residual norm 0.13599 
      5 KSP Residual norm 0.0586277 
      6 KSP Residual norm 0.029065 
      7 KSP Residual norm 0.00861762 
    1 KSP Residual norm 0.00135996 
      Residual norms for fieldsplit_u_ solve.
      0 KSP Residual norm 0.0103282 
      1 KSP Residual norm 0.00189491 
      2 KSP Residual norm 0.000728082 
      3 KSP Residual norm 0.000332398 
      4 KSP Residual norm 0.000106621 
      5 KSP Residual norm 4.33926e-05 
    2 KSP Residual norm 0.00135893 
      Residual norms for fieldsplit_u_ solve.
      0 KSP Residual norm 0.156581 
      1 KSP Residual norm 0.0144931 
      2 KSP Residual norm 0.00194453 
      3 KSP Residual norm 0.000637367 
    3 KSP Residual norm 0.00135681 
      Residual norms for fieldsplit_u_ solve.
      0 KSP Residual norm 0.711181 
      1 KSP Residual norm 0.0715658 
      2 KSP Residual norm 0.00749906 
      3 KSP Residual norm 0.00176079 
    4 KSP Residual norm 0.00132978 
      Residual norms for fieldsplit_u_ solve.
      0 KSP Residual norm 2.22156 
      1 KSP Residual norm 0.226285 
      2 KSP Residual norm 0.0223548 
      3 KSP Residual norm 0.00480695 
    5 KSP Residual norm 0.00120041 
      Residual norms for fieldsplit_u_ solve.
      0 KSP Residual norm 2.41987 
      1 KSP Residual norm 0.250287 
      2 KSP Residual norm 0.0217918 
    6 KSP Residual norm 0.00100945 
      Residual norms for fieldsplit_u_ solve.
      0 KSP Residual norm 2.74844 
      1 KSP Residual norm 0.272024 
      2 KSP Residual norm 0.021603 
    7 KSP Residual norm 0.000661912 
      Residual norms for fieldsplit_u_ solve.
      0 KSP Residual norm 1.13904 
      1 KSP Residual norm 0.0547668 
      2 KSP Residual norm 0.00939091 
    8 KSP Residual norm 0.000269557 
      Residual norms for fieldsplit_u_ solve.
      0 KSP Residual norm 1.69057 
      1 KSP Residual norm 0.0872097 
      2 KSP Residual norm 0.0162223 
    9 KSP Residual norm 0.000156668 
      Residual norms for fieldsplit_u_ solve.
      0 KSP Residual norm 1.69285 
      1 KSP Residual norm 0.0847514 
      2 KSP Residual norm 0.015974 
   10 KSP Residual norm 9.11874e-05 
      Residual norms for fieldsplit_u_ solve.
      0 KSP Residual norm 1.18942 
      1 KSP Residual norm 0.0760939 
      2 KSP Residual norm 0.0107983 
   11 KSP Residual norm 5.69895e-05 
      Residual norms for fieldsplit_u_ solve.
      0 KSP Residual norm 1.69661 
      1 KSP Residual norm 0.0995604 
      2 KSP Residual norm 0.0107195 
   12 KSP Residual norm 2.79879e-05 
      Residual norms for fieldsplit_u_ solve.
      0 KSP Residual norm 0.809062 
      1 KSP Residual norm 0.0592949 
      2 KSP Residual norm 0.00965345 
      3 KSP Residual norm 0.00423643 
   13 KSP Residual norm 1.66921e-05 
      Residual norms for fieldsplit_u_ solve.
      0 KSP Residual norm 1.51376 
      1 KSP Residual norm 0.118894 
      2 KSP Residual norm 0.0135407 
   14 KSP Residual norm 1.17923e-05 
      Residual norms for fieldsplit_u_ solve.
      0 KSP Residual norm 2.82963 
      1 KSP Residual norm 0.23014 
      2 KSP Residual norm 0.0210073 
   15 KSP Residual norm 6.96119e-06 
      Residual norms for fieldsplit_u_ solve.
      0 KSP Residual norm 1.90826 
      1 KSP Residual norm 0.140888 
      2 KSP Residual norm 0.0144572 
   16 KSP Residual norm 4.11666e-06 
      Residual norms for fieldsplit_u_ solve.
      0 KSP Residual norm 1.50459 
      1 KSP Residual norm 0.0934311 
      2 KSP Residual norm 0.0131359 
   17 KSP Residual norm 1.81246e-06 
      Residual norms for fieldsplit_u_ solve.
      0 KSP Residual norm 1.41014 
      1 KSP Residual norm 0.0837017 
      2 KSP Residual norm 0.0255597 
      3 KSP Residual norm 0.0214528 
      4 KSP Residual norm 0.018281 
      5 KSP Residual norm 0.0111189 
   18 KSP Residual norm 1.64903e-06 
      Residual norms for fieldsplit_u_ solve.
      0 KSP Residual norm 0.902621 
      1 KSP Residual norm 0.0409721 
      2 KSP Residual norm 0.0141304 
      3 KSP Residual norm 0.0109421 
      4 KSP Residual norm 0.00906574 
      5 KSP Residual norm 0.0066941 
   19 KSP Residual norm 1.61116e-06 
      Residual norms for fieldsplit_u_ solve.
      0 KSP Residual norm 0.838978 
      1 KSP Residual norm 0.0599595 
      2 KSP Residual norm 0.0250731 
      3 KSP Residual norm 0.0226597 
      4 KSP Residual norm 0.0184495 
      5 KSP Residual norm 0.0103717 
      6 KSP Residual norm 0.00567327 
   20 KSP Residual norm 9.61519e-07 
  Linear solve converged due to CONVERGED_RTOL iterations 20
SNES Object: 1 MPI processes
  type: ksponly
  maximum iterations=50, maximum function evaluations=10000
  tolerances: relative=1e-08, absolute=1e-50, solution=1e-08
  total number of linear solver iterations=20
  total number of function evaluations=1
  SNESLineSearch Object:   1 MPI processes
    type: basic
    maxstep=1.000000e+08, minlambda=1.000000e-12
    tolerances: relative=1.000000e-08, absolute=1.000000e-15, lambda=1.000000e-08
    maximum iterations=1
  KSP Object:   1 MPI processes
    type: fgmres
      GMRES: restart=30, using Classical (unmodified) Gram-Schmidt Orthogonalization with no iterative refinement
      GMRES: happy breakdown tolerance 1e-30
    maximum iterations=10000
    tolerances:  relative=0.001, absolute=1e-50, divergence=10000
    right preconditioning
    using nonzero initial guess
    using UNPRECONDITIONED norm type for convergence test
  PC Object:   1 MPI processes
    type: fieldsplit
      FieldSplit with Schur preconditioner, factorization UPPER
      Preconditioner for the Schur complement formed from A11
      Split info:
      Split number 0 Defined by IS
      Split number 1 Defined by IS
      KSP solver for A00 block
        KSP Object:        (fieldsplit_u_)         1 MPI processes
          type: fgmres
            GMRES: restart=30, using Classical (unmodified) Gram-Schmidt Orthogonalization with no iterative refinement
            GMRES: happy breakdown tolerance 1e-30
          maximum iterations=10000, initial guess is zero
          tolerances:  relative=0.01, absolute=1e-50, divergence=10000
          right preconditioning
          using UNPRECONDITIONED norm type for convergence test
        PC Object:        (fieldsplit_u_)         1 MPI processes
          type: mg
            MG: type is MULTIPLICATIVE, levels=3 cycles=v
              Cycles per PCApply=1
              Not using Galerkin computed coarse grid matrices
          Coarse grid solver -- level -------------------------------
            KSP Object:            (fieldsplit_u_mg_coarse_)             1 MPI processes
              type: preonly
              maximum iterations=1, initial guess is zero
              tolerances:  relative=1e-05, absolute=1e-50, divergence=10000
              left preconditioning
              using NONE norm type for convergence test
            PC Object:            (fieldsplit_u_mg_coarse_)             1 MPI processes
              type: lu
                LU: out-of-place factorization
                tolerance for zero pivot 2.22045e-14
                using diagonal shift on blocks to prevent zero pivot [INBLOCKS]
                matrix ordering: nd
                factor fill ratio given 5, needed 2.14015
                  Factored matrix follows:
                    Mat Object:                     1 MPI processes
                      type: seqaij
                      rows=1275, cols=1275, bs=3
                      package used to perform factorization: petsc
                      total: nonzeros=549315, allocated nonzeros=549315
                      total number of mallocs used during MatSetValues calls =0
                        using I-node routines: found 380 nodes, limit used is 5
              linear system matrix = precond matrix:
              Mat Object:               1 MPI processes
                type: seqaij
                rows=1275, cols=1275, bs=3
                total: nonzeros=256671, allocated nonzeros=0
                total number of mallocs used during MatSetValues calls =0
                  has attached near null space
                  using I-node routines: found 425 nodes, limit used is 5
          Down solver (pre-smoother) on level 1 -------------------------------
            KSP Object:            (fieldsplit_u_mg_levels_1_)             1 MPI processes
              type: gmres
                GMRES: restart=30, using Classical (unmodified) Gram-Schmidt Orthogonalization with no iterative refinement
                GMRES: happy breakdown tolerance 1e-30
              maximum iterations=2
              tolerances:  relative=1e-05, absolute=1e-50, divergence=10000
              left preconditioning
              using nonzero initial guess
              using NONE norm type for convergence test
            PC Object:            (fieldsplit_u_mg_levels_1_)             1 MPI processes
              type: bjacobi
                block Jacobi: number of blocks = 1
                Local solve is same for all blocks, in the following KSP and PC objects:
                KSP Object:                (fieldsplit_u_mg_levels_1_sub_)                 1 MPI processes
                  type: preonly
                  maximum iterations=10000, initial guess is zero
                  tolerances:  relative=1e-05, absolute=1e-50, divergence=10000
                  left preconditioning
                  using NONE norm type for convergence test
                PC Object:                (fieldsplit_u_mg_levels_1_sub_)                 1 MPI processes
                  type: ilu
                    ILU: out-of-place factorization
                    0 levels of fill
                    tolerance for zero pivot 2.22045e-14
                    matrix ordering: natural
                    factor fill ratio given 1, needed 1
                      Factored matrix follows:
                        Mat Object:                         1 MPI processes
                          type: seqaij
                          rows=8019, cols=8019, bs=3
                          package used to perform factorization: petsc
                          total: nonzeros=2.17655e+06, allocated nonzeros=2.17655e+06
                          total number of mallocs used during MatSetValues calls =0
                            using I-node routines: found 2673 nodes, limit used is 5
                  linear system matrix = precond matrix:
                  Mat Object:                  (Buu_)                   1 MPI processes
                    type: seqaij
                    rows=8019, cols=8019, bs=3
                    total: nonzeros=2.17655e+06, allocated nonzeros=2.17655e+06
                    total number of mallocs used during MatSetValues calls =0
                      has attached near null space
                      using I-node routines: found 2673 nodes, limit used is 5
              linear system matrix = precond matrix:
              Mat Object:              (Buu_)               1 MPI processes
                type: seqaij
                rows=8019, cols=8019, bs=3
                total: nonzeros=2.17655e+06, allocated nonzeros=2.17655e+06
                total number of mallocs used during MatSetValues calls =0
                  has attached near null space
                  using I-node routines: found 2673 nodes, limit used is 5
          Up solver (post-smoother) same as down solver (pre-smoother)
          Down solver (pre-smoother) on level 2 -------------------------------
            KSP Object:            (fieldsplit_u_mg_levels_2_)             1 MPI processes
              type: chebyshev
                Chebyshev: eigenvalue estimates:  min = 0.494002, max = 2.71701
                Chebyshev: estimated using:  [0 0.2; 0 1.1]
                KSP Object:                (fieldsplit_u_mg_levels_2_est_)                 1 MPI processes
                  type: gmres
                    GMRES: restart=30, using Classical (unmodified) Gram-Schmidt Orthogonalization with no iterative refinement
                    GMRES: happy breakdown tolerance 1e-30
                  maximum iterations=10, initial guess is zero
                  tolerances:  relative=1e-05, absolute=1e-50, divergence=10000
                  left preconditioning
                  using NONE norm type for convergence test
                PC Object:                (fieldsplit_u_mg_levels_2_)                 1 MPI processes
                  type: jacobi
                  linear system matrix = precond matrix:
                  Mat Object:                  (fieldsplit_u_)                   1 MPI processes
                    type: shell
                    rows=107811, cols=107811, bs=3
              maximum iterations=10
              tolerances:  relative=1e-05, absolute=1e-50, divergence=10000
              left preconditioning
              using nonzero initial guess
              using NONE norm type for convergence test
            PC Object:            (fieldsplit_u_mg_levels_2_)             1 MPI processes
              type: jacobi
              linear system matrix = precond matrix:
              Mat Object:              (fieldsplit_u_)               1 MPI processes
                type: shell
                rows=107811, cols=107811, bs=3
          Up solver (post-smoother) same as down solver (pre-smoother)
          linear system matrix = precond matrix:
          Mat Object:          (fieldsplit_u_)           1 MPI processes
            type: shell
            rows=107811, cols=107811, bs=3
      KSP solver for S = A11 - A10 inv(A00) A01 
        KSP Object:        (fieldsplit_p_)         1 MPI processes
          type: preonly
          maximum iterations=10000, initial guess is zero
          tolerances:  relative=1e-05, absolute=1e-50, divergence=10000
          left preconditioning
          using NONE norm type for convergence test
        PC Object:        (fieldsplit_p_)         1 MPI processes
          type: jacobi
          linear system matrix followed by preconditioner matrix:
          Mat Object:          (fieldsplit_p_)           1 MPI processes
            type: schurcomplement
            rows=16384, cols=16384
              Schur complement A11 - A10 inv(A00) A01
              A11
                Mat Object:                (fieldsplit_p_)                 1 MPI processes
                  type: seqsbaij
                  rows=16384, cols=16384, bs=4
                  total: nonzeros=65536, allocated nonzeros=65536
                  total number of mallocs used during MatSetValues calls =0
                      block size is 4
              A10
                Mat Object:                (Bpu_)                 1 MPI processes
                  type: shell
                  rows=16384, cols=107811
              KSP of A00
                KSP Object:                (fieldsplit_u_)                 1 MPI processes
                  type: fgmres
                    GMRES: restart=30, using Classical (unmodified) Gram-Schmidt Orthogonalization with no iterative refinement
                    GMRES: happy breakdown tolerance 1e-30
                  maximum iterations=10000, initial guess is zero
                  tolerances:  relative=0.01, absolute=1e-50, divergence=10000
                  right preconditioning
                  using UNPRECONDITIONED norm type for convergence test
                PC Object:                (fieldsplit_u_)                 1 MPI processes
                  type: mg
                    MG: type is MULTIPLICATIVE, levels=3 cycles=v
                      Cycles per PCApply=1
                      Not using Galerkin computed coarse grid matrices
                  Coarse grid solver -- level -------------------------------
                    KSP Object:                    (fieldsplit_u_mg_coarse_)                     1 MPI processes
                      type: preonly
                      maximum iterations=1, initial guess is zero
                      tolerances:  relative=1e-05, absolute=1e-50, divergence=10000
                      left preconditioning
                      using NONE norm type for convergence test
                    PC Object:                    (fieldsplit_u_mg_coarse_)                     1 MPI processes
                      type: lu
                        LU: out-of-place factorization
                        tolerance for zero pivot 2.22045e-14
                        using diagonal shift on blocks to prevent zero pivot [INBLOCKS]
                        matrix ordering: nd
                        factor fill ratio given 5, needed 2.14015
                          Factored matrix follows:
                            Mat Object:                             1 MPI processes
                              type: seqaij
                              rows=1275, cols=1275, bs=3
                              package used to perform factorization: petsc
                              total: nonzeros=549315, allocated nonzeros=549315
                              total number of mallocs used during MatSetValues calls =0
                                using I-node routines: found 380 nodes, limit used is 5
                      linear system matrix = precond matrix:
                      Mat Object:                       1 MPI processes
                        type: seqaij
                        rows=1275, cols=1275, bs=3
                        total: nonzeros=256671, allocated nonzeros=0
                        total number of mallocs used during MatSetValues calls =0
                          has attached near null space
                          using I-node routines: found 425 nodes, limit used is 5
                  Down solver (pre-smoother) on level 1 -------------------------------
                    KSP Object:                    (fieldsplit_u_mg_levels_1_)                     1 MPI processes
                      type: gmres
                        GMRES: restart=30, using Classical (unmodified) Gram-Schmidt Orthogonalization with no iterative refinement
                        GMRES: happy breakdown tolerance 1e-30
                      maximum iterations=2
                      tolerances:  relative=1e-05, absolute=1e-50, divergence=10000
                      left preconditioning
                      using nonzero initial guess
                      using NONE norm type for convergence test
                    PC Object:                    (fieldsplit_u_mg_levels_1_)                     1 MPI processes
                      type: bjacobi
                        block Jacobi: number of blocks = 1
                        Local solve is same for all blocks, in the following KSP and PC objects:
                        KSP Object:                        (fieldsplit_u_mg_levels_1_sub_)                         1 MPI processes
                          type: preonly
                          maximum iterations=10000, initial guess is zero
                          tolerances:  relative=1e-05, absolute=1e-50, divergence=10000
                          left preconditioning
                          using NONE norm type for convergence test
                        PC Object:                        (fieldsplit_u_mg_levels_1_sub_)                         1 MPI processes
                          type: ilu
                            ILU: out-of-place factorization
                            0 levels of fill
                            tolerance for zero pivot 2.22045e-14
                            matrix ordering: natural
                            factor fill ratio given 1, needed 1
                              Factored matrix follows:
                                Mat Object:                                 1 MPI processes
                                  type: seqaij
                                  rows=8019, cols=8019, bs=3
                                  package used to perform factorization: petsc
                                  total: nonzeros=2.17655e+06, allocated nonzeros=2.17655e+06
                                  total number of mallocs used during MatSetValues calls =0
                                    using I-node routines: found 2673 nodes, limit used is 5
                          linear system matrix = precond matrix:
                          Mat Object:                          (Buu_)                           1 MPI processes
                            type: seqaij
                            rows=8019, cols=8019, bs=3
                            total: nonzeros=2.17655e+06, allocated nonzeros=2.17655e+06
                            total number of mallocs used during MatSetValues calls =0
                              has attached near null space
                              using I-node routines: found 2673 nodes, limit used is 5
                      linear system matrix = precond matrix:
                      Mat Object:                      (Buu_)                       1 MPI processes
                        type: seqaij
                        rows=8019, cols=8019, bs=3
                        total: nonzeros=2.17655e+06, allocated nonzeros=2.17655e+06
                        total number of mallocs used during MatSetValues calls =0
                          has attached near null space
                          using I-node routines: found 2673 nodes, limit used is 5
                  Up solver (post-smoother) same as down solver (pre-smoother)
                  Down solver (pre-smoother) on level 2 -------------------------------
                    KSP Object:                    (fieldsplit_u_mg_levels_2_)                     1 MPI processes
                      type: chebyshev
                        Chebyshev: eigenvalue estimates:  min = 0.494002, max = 2.71701
                        Chebyshev: estimated using:  [0 0.2; 0 1.1]
                        KSP Object:                        (fieldsplit_u_mg_levels_2_est_)                         1 MPI processes
                          type: gmres
                            GMRES: restart=30, using Classical (unmodified) Gram-Schmidt Orthogonalization with no iterative refinement
                            GMRES: happy breakdown tolerance 1e-30
                          maximum iterations=10, initial guess is zero
                          tolerances:  relative=1e-05, absolute=1e-50, divergence=10000
                          left preconditioning
                          using NONE norm type for convergence test
                        PC Object:                        (fieldsplit_u_mg_levels_2_)                         1 MPI processes
                          type: jacobi
                          linear system matrix = precond matrix:
                          Mat Object:                          (fieldsplit_u_)                           1 MPI processes
                            type: shell
                            rows=107811, cols=107811, bs=3
                      maximum iterations=10
                      tolerances:  relative=1e-05, absolute=1e-50, divergence=10000
                      left preconditioning
                      using nonzero initial guess
                      using NONE norm type for convergence test
                    PC Object:                    (fieldsplit_u_mg_levels_2_)                     1 MPI processes
                      type: jacobi
                      linear system matrix = precond matrix:
                      Mat Object:                      (fieldsplit_u_)                       1 MPI processes
                        type: shell
                        rows=107811, cols=107811, bs=3
                  Up solver (post-smoother) same as down solver (pre-smoother)
                  linear system matrix = precond matrix:
                  Mat Object:                  (fieldsplit_u_)                   1 MPI processes
                    type: shell
                    rows=107811, cols=107811, bs=3
              A01
                Mat Object:                (Bup_)                 1 MPI processes
                  type: shell
                  rows=107811, cols=16384
          Mat Object:          (fieldsplit_p_)           1 MPI processes
            type: seqsbaij
            rows=16384, cols=16384, bs=4
            total: nonzeros=65536, allocated nonzeros=65536
            total number of mallocs used during MatSetValues calls =0
                block size is 4
    linear system matrix followed by preconditioner matrix:
    Mat Object:    (stokes_Amf_)     1 MPI processes
      type: shell
      rows=124195, cols=124195
    Mat Object:     1 MPI processes
      type: nest
      rows=124195, cols=124195
        Matrix object: 
          type=nest, rows=2, cols=2 
          MatNest structure: 
          (0,0) : prefix="fieldsplit_u_", type=shell, rows=107811, cols=107811 
          (0,1) : prefix="Bup_", type=shell, rows=107811, cols=16384 
          (1,0) : prefix="Bpu_", type=shell, rows=16384, cols=107811 
          (1,1) : prefix="fieldsplit_p_", type=seqsbaij, rows=16384, cols=16384 
Update rheology (viscous) [mpoint]: (min,max)_eta 1.00e-03,1.00e+00; log10(max/min) 3.00e+00; cpu time 9.94e-04 (sec)
[[ModelOutput_ViscousSinker]]
[[DESIGN FLAW]] pTatin3d_ModelOutput_VelocityPressure_Stokes: require better physics modularity to extract (u,p) <---| (X) 
[[DESIGN FLAW]] pTatinOutputMeshVelocityPressureVTS_v0_binary: only printing P0 component of pressure field 
pTatin3d_ModelOutput_VelocityPressure_Stokes() -> step000000_vp.(pvd,pvts,vts): CPU time 1.37e-02 (sec) 
pTatin3d_ModelOutput_MPntStd() -> step000000_mpoints_std.(pvd,pvtu,vtu): CPU time 1.71e-02 (sec) 
  TimeStep control(StkCourant): | current = 1.0000e+30 : trial = 2.2571e-02 [accepted] | ==>> dt used = 2.2571e-02 |
  TimeStep control(StkSurfaceCourant): | current = 2.2571e-02 : trial = 5.9487e+31 | ==>> dt used = 2.2571e-02 |
  timestep[] dt_courant = 2.2571e-02 
