[36m[Executing Line1][0m from /Users/patrick/code/sciath/tests/test
  [cmd]  ['printf', '  key 1.0 2 -3.4 1e10\nx\n\n  key 1.0\n  key  \nkey\nkey 1e-10 3.0 4.0\n  key 1e-12\n']
['pass', 'verification was successful']

[36m[Executing Line2][0m from /Users/patrick/code/sciath/tests/test
  [cmd]  ['printf', 'should fail\nx\n\n  key 1.0\n  key  \nkey\nkey 1e-10 3.0 4.0\n  key 1e-12\n']
['fail', 'verification failed']
Report for lines matching: '  key'
Failure: Different numbers of matching lines found: 4 expected but 3 found
