['Test_1', 'pass', 'verification was successful']
['Test_2', 'pass', 'verification was successful']
['Test_3', 'fail', 'verification failed']
['Test_4', 'pass', 'verification was successful']
[ -- Removing output for job: Test_4 -- ]
[ -- Removing output for job: Test_1 -- ]
[ -- Removing output for job: Test_2 -- ]
[ -- Removing output for job: Test_3 -- ]
[ -- Removing output for job: Test_4 -- ]
