[ -- Removing output for Test: test1 -- ]
[ -- Removing output for Test: test2 -- ]
[36m[Executing test1][0m from /Users/patrick/code/sciath/tests/harness
  [cmd]  ['echo', 'Hello, I am Test #1']
[36m[Executing test2][0m from /Users/patrick/code/sciath/tests/harness
  [cmd]  ['printf', 'Hello, I am Test #2\n']
test1 : pass (verification was successful)
test2 : pass (verification was successful)
Overall Success!
