[ -- Removing output for Test: test -- ]
[36m[Executing job][0m from <<PATH STRIPPED>>
['echo', 'The first number is 1.1\nThe second number is 1.01']
--- Error Reports ---
[Report for test]
Report for lines matching: '^The\ first\ number\ is'
(l.1/1) Lines did not match:
expected value of 7 does not match output value 1.1 to rel. tol. 1e-06
-- Summary --
test : fail (verification failed)
TEST SUCCESS NOT CONFIRMED
