
[ *** Deleting Existing Test Output *** ]
[ -- Removing output for test: ex1 -- ]
[ -- Removing output for test: ex2 -- ]
[ -- Removing output for test: ex3 -- ]

[ *** Executing Tests *** ]
SciATH: Batch queueing system configuration [ SciATHBatchQueuingSystem.conf ]
  Version:          0.4.4
  Queue system:     none
  MPI launcher:     /Users/patrick/code/petsc-maint/arch-maint-extra-opt/bin/mpiexec -n <ranks>
[Executing ex1]
/Users/patrick/code/petsc-maint/arch-maint-extra-opt/bin/mpiexec -n 1 /Users/patrick/code/sciath/examples/example4/./ex >> ex1.output
[Executing ex2]
/Users/patrick/code/petsc-maint/arch-maint-extra-opt/bin/mpiexec -n 1 /Users/patrick/code/sciath/examples/example4/./ex >> ex2.output
[Executing ex3]
/Users/patrick/code/petsc-maint/arch-maint-extra-opt/bin/mpiexec -n 1 /Users/patrick/code/sciath/examples/example4/./ex >> ex3.output

[ *** Verifying Test Output *** ]
[-- Verifying test: ex1 --]
[Parsing file] ex1.output
[Parsing file] /Users/patrick/code/sciath/examples/example4/ex.expected
[-- Verifying test: ex2 --]
[Parsing file] ex2.output
[Parsing file] /Users/patrick/code/sciath/examples/example4/ex.expected2
[-- Verifying test: ex3 --]
[Parsing file] ex3.output
[Parsing file] /Users/patrick/code/sciath/examples/example4/ex.expected3


[--------- Test Error Report ----------------------]
[ex1] expected file  : /Users/patrick/code/sciath/examples/example4/ex.expected
[ex1] output file    : ex1.output
[ex1] launch command : /Users/patrick/code/sciath/examples/example4/./ex
Key = "kspits" --> compareInteger [failed]
Reason: tolerance 0 not satisifed
  expected: [42 58 21 33]
  input:    [42 58 77 33]
  index[2] input "77" != expected "21" (+/-0)

[ex3] expected file  : /Users/patrick/code/sciath/examples/example4/ex.expected3
[ex3] output file    : ex3.output
[ex3] launch command : /Users/patrick/code/sciath/examples/example4/./ex
[ex3]   --- please refer to error report log file for full description ---


[--------- test status ----------------------]
 [ex1]   *** FAILED ***
 [ex2]   passed
 [ex3]   *** FAILED ***

[--------- test report ----------------------]
  0003 tests registered
  0003 Sequential tests
  0000 MPI tests
  0003 of 0003 tests executed

 [status] FAIL: 2 of 3 tests executed FAILED
          0002 of 0003 executed Sequential tests failed
          0000 of 0000 executed MPI tests failed
xxx============================================================================xxx
     tests failed - Full error report written to errorReport.log
                  - Please inspect the error log file and resolve failed tests
     cat /Users/patrick/code/sciath/examples/example4/errorReport.log
xxx============================================================================xxx
