
[ *** Deleting Existing Test Output *** ]
[ -- Removing output for test: ex1 -- ]
[ -- Removing output for test: ex2 -- ]
[ -- Removing output for test: ex3 -- ]
[ -- Removing output for test: ex4 -- ]

[ *** Executing Tests *** ]
SciATH: Batch queueing system configuration [ SciATHBatchQueuingSystem.conf ]
  Version:          0.4.4
  Queue system:     none
  MPI launcher:     none
[Executing ex1] from /Users/patrick/code/sciath/examples/example5/ex1_sandbox
/Users/patrick/code/sciath/examples/example5/./ex1 >> ex1.output
[Executing ex2] from /Users/patrick/code/sciath/examples/example5/ex2_sandbox
/Users/patrick/code/sciath/examples/example5/./ex2 >> ex2.output
[Executing ex3] from /Users/patrick/code/sciath/examples/example5/ex3_sandbox
touch ex3.output >> ex3.output
[Executing ex4] from /Users/patrick/code/sciath/examples/example5/ex4_sandbox
/Users/patrick/code/sciath/examples/example5/./ex1 >> ex4.output

[ *** Verifying Test Output *** ]
[-- Verifying test: ex1 --]
[Parsing file] ex1.output
[Parsing file] /Users/patrick/code/sciath/examples/example5/ex1.expected
[-- Verifying test: ex2 --]
[Parsing file] ex2-residual.log
[Parsing file] /Users/patrick/code/sciath/examples/example5/ex2.expected
[-- Verifying test: ex3 --]
[Parsing file] ex3.output
[Parsing file] /Users/patrick/code/sciath/examples/example5/ex3.expected
[-- Verifying test: ex4 --]
[Parsing file] ex4.output
[Parsing file] None
[42]


[--------- Test Error Report ----------------------]
[ex2] expected file  : /Users/patrick/code/sciath/examples/example5/ex2.expected
[ex2] output file    : ex2.output
[ex2] launch command : /Users/patrick/code/sciath/examples/example5/./ex2
Key = "Residuals" --> compareFloatingPointAbsolute [failed]
Reason: absolute tolerance 1.0000e-04 not satisfied
  expected: [1.0000e-03 2.0000e-04 1.0000e-04 1.4434e-07]
  input:    [1.0000e-03 4.0000e-04 1.0000e-04 1.4434e-07]
  index[1] input 4.000000e-04 doesn't match expected 2.000000e-04

[ex3] expected file  : /Users/patrick/code/sciath/examples/example5/ex3.expected
[ex3] output file    : ex3.output
[ex3] launch command : touch ex3.output
Key = "kspit" --> compareInteger [failed]
Reason: input and expected are of different length
  expected: [ 20  30  40  50  60 100 200   1   2   3   4   5  12]
  input:    []
Key = "res1" --> compareFloatingPointAbsolute [failed]
Reason: input and expected are of different length
  expected: [ 1.244  2.04  12.32  78.999 12.34  99.99 ]
  input:    []

[ex4] output file    : ex4.output
[ex4] launch command : /Users/patrick/code/sciath/examples/example5/./ex1
Key = "\$kspits" --> Expected the value 43, found 42

[--------- test status ----------------------]
 [ex1]   passed
 [ex2]   *** FAILED ***
 [ex3]   *** FAILED ***
 [ex4]   *** FAILED ***

[--------- test report ----------------------]
  0004 tests registered
  0004 Sequential tests
  0000 MPI tests
  0004 of 0004 tests executed

 [status] FAIL: 3 of 4 tests executed FAILED
          0003 of 0004 executed Sequential tests failed
          0000 of 0000 executed MPI tests failed
xxx============================================================================xxx
     tests failed - Full error report written to errorReport.log
                  - Please inspect the error log file and resolve failed tests
     cat /Users/patrick/code/sciath/examples/example5/errorReport.log
xxx============================================================================xxx
