gcc -o t1/ex1 /Users/patrick/code/sciath/examples/example2/t1/ex1.c

[ *** Deleting Existing Test Output *** ]
[ -- Removing output for test: test1 -- ]
[ -- Removing output for test: test2 -- ]

[ *** Executing Tests *** ]
SciATH: Batch queueing system configuration [ SciATHBatchQueuingSystem.conf ]
  Version:          0.4.4
  Queue system:     none
  MPI launcher:     /Users/patrick/code/petsc-maint/arch-maint-extra-opt/bin/mpiexec -n <ranks>
[Executing test1]
/Users/patrick/code/petsc-maint/arch-maint-extra-opt/bin/mpiexec -n 1 /Users/patrick/code/sciath/examples/example2/t1/./ex1 >> /Users/patrick/code/sciath/examples/example2/output/test1.output
[Executing test2]
/Users/patrick/code/petsc-maint/arch-maint-extra-opt/bin/mpiexec -n 1 /Users/patrick/code/sciath/examples/example2/t2/./ex2 >> /Users/patrick/code/sciath/examples/example2/output/test2.output

[ *** Verifying Test Output *** ]
[-- Verifying test: test1 --]
[Parsing file] /Users/patrick/code/sciath/examples/example2/output/test1.output
[Parsing file] /Users/patrick/code/sciath/examples/example2/t1/../expectedoutput/ex1.expected
[-- Verifying test: test2 --]
[Parsing file] output/ex2-residual.log
[Parsing file] /Users/patrick/code/sciath/examples/example2/t2/../expectedoutput/ex2.expected


[--------- Test Error Report ----------------------]
[test2] expected file  : /Users/patrick/code/sciath/examples/example2/t2/../expectedoutput/ex2.expected
[test2] output file    : /Users/patrick/code/sciath/examples/example2/output/test2.output
[test2] launch command : /Users/patrick/code/sciath/examples/example2/t2/./ex2
Key = "Residuals" --> compareFloatingPointAbsolute [failed]
Reason: absolute tolerance 1.0000e-04 not satisfied
  expected: [1.0000e-03 2.0000e-04 1.0000e-04 1.4434e-07]
  input:    [1.0000e-03 4.0000e-04 1.0000e-04 1.4434e-07]
  index[1] input 4.000000e-04 doesn't match expected 2.000000e-04


[--------- test status ----------------------]
 [test1]   passed
 [test2]   *** FAILED ***

[--------- test report ----------------------]
  0002 tests registered
  0002 Sequential tests
  0000 MPI tests
  0002 of 0002 tests executed

 [status] FAIL: 1 of 2 tests executed FAILED
          0001 of 0002 executed Sequential tests failed
          0000 of 0000 executed MPI tests failed
xxx============================================================================xxx
     tests failed - Full error report written to errorReport.log
                  - Please inspect the error log file and resolve failed tests
     cat /Users/patrick/code/sciath/examples/example2/errorReport.log
xxx============================================================================xxx
