[35m[ *** Cleanup *** ][0m
[ -- Removing output for Test: a_test -- ]

[35m[ *** Executing Tests *** ][0m
[SciATH] Batch queueing system configuration [SciATHBatchQueuingSystem.conf]
  Version:           0.9.0
  Queue system:      local
  MPI launcher:      none
  Submit command:    sh
[36m[Executing a_test][0m from <<TEST DIR STRIPPED>>/capture_environment_sandbox/a_test_output/sandbox
sh <<TEST DIR STRIPPED>>/capture_environment_sandbox/a_test_output/a_test.sh

[35m[ *** Summary *** ][0m
[32m[a_test]  pass[0m

[32mSUCCESS[0m

Report written to file:
  <<TEST DIR STRIPPED>>/capture_environment_sandbox/sciath_test_report.txt
