[35m[ *** Cleanup *** ][0m
[ -- Removing output for Test: testA -- ]
[ -- Removing output for Test: testA_too -- ]
[ -- Removing output for Test: testE -- ]
[35m[ *** Executing Tests *** ][0m
[SciATH] Batch queueing system configuration [SciATHBatchQueuingSystem.conf]
  Version:           0.6.0
  Queue system:      none
  MPI launcher:      none
[36m[Executing testA][0m from <<TEST DIR STRIPPED>>/groups_sandbox/testA_output/sandbox
echo command 1 of 3
echo command 2 of 3
echo command 3 of 3
[36m[Executing testA_too][0m from <<TEST DIR STRIPPED>>/groups_sandbox/testA_too_output/sandbox
echo command 1 of 3
echo command 2 of 3
echo command 3 of 3
[36m[Executing testE][0m from <<TEST DIR STRIPPED>>/groups_sandbox/testE_output/sandbox
echo testE
[35m[ *** Summary *** ][0m
[32m[testA]  pass[0m (verification was successful)
[32m[testA_too]  pass[0m (verification was successful)
[0m[testB]  deactivated[0m
[0m[testC]  deactivated[0m
[0m[testD]  deactivated[0m
[32m[testE]  pass[0m (verification was successful)

[32mSUCCESS[0m
