[35m[ *** Cleanup *** ][0m
[ -- Removing output for Test: foo -- ]
[ -- Removing output for Test: foo2 -- ]
[ -- Removing output for Test: foo_fail -- ]
[ -- Removing output for Test: missing -- ]
[ -- Removing output for Test: many words -- ]
[ -- Removing output for Test: comp_file -- ]
[ -- Removing output for Test: comp_file_fail -- ]
[35m[ *** Executing Tests *** ][0m
[SciATH] Batch queueing system configuration [SciATHBatchQueuingSystem.conf]
  Version:           0.5.4
  Queue system:      none
  MPI launcher:      none
[36m[Executing foo][0m from <<TEST DIR STRIPPED>>/harness4_sandbox/foo_output/sandbox
echo foo
[36m[Executing foo2][0m from <<TEST DIR STRIPPED>>/harness4_sandbox/foo2_output/sandbox
echo foo
[36m[Executing foo_fail][0m from <<TEST DIR STRIPPED>>/harness4_sandbox/foo_fail_output/sandbox
echo foox
[36m[Executing missing][0m from <<TEST DIR STRIPPED>>/harness4_sandbox/missing_output/sandbox
echo missing
[36m[Executing many_words][0m from <<TEST DIR STRIPPED>>/harness4_sandbox/many words_output/sandbox
echo 'many words'
[36m[Executing comp_file][0m from <<TEST DIR STRIPPED>>/harness4_sandbox/comp_file_output/sandbox
sh -c 'echo qux > compare_me.txt'
[36m[Executing comp_file_fail][0m from <<TEST DIR STRIPPED>>/harness4_sandbox/comp_file_fail_output/sandbox
sh -c 'echo qux > compare_me.txt'
[35m[ *** Verification Reports *** ][0m
[36m[Report for foo_fail][0m
--- ../test_data/harness4/foo.expected
+++ <<TEST DIR STRIPPED>>/harness4_sandbox/foo_fail_output/sciath.job-foo_fail.stdout
@@ -1 +1 @@
-foo
+foox
[36m[Report for missing][0m
[Comparison] Expected file missing: ../test_data/harness4/missing.expected
[36m[Report for comp_file_fail][0m
--- ../test_data/harness4/comp_file_fail.expected
+++ <<TEST DIR STRIPPED>>/harness4_sandbox/comp_file_fail_output/sandbox/compare_me.txt
@@ -1 +1 @@
-foo
+qux
[35m[ *** Summary *** ][0m
[32m[foo]  pass[0m (verification was successful)
[32m[foo2]  pass[0m (verification was successful)
[91m[foo_fail]  fail[0m (verification failed)
[91m[missing]  fail[0m (expected/comparison file not found)
[32m[many words]  pass[0m (verification was successful)
[32m[comp_file]  pass[0m (verification was successful)
[91m[comp_file_fail]  fail[0m (verification failed)

[91mFAILURE[0m
To re-run failed tests, use e.g.
  -t foo_fail,missing,comp_file_fail
