[35m[ *** Cleanup *** ][0m
[ -- Removing output for Test: foo -- ]
[ -- Removing output for Test: foo2 -- ]
[ -- Removing output for Test: foo_fail -- ]
[ -- Removing output for Test: missing -- ]
[ -- Removing output for Test: many_words -- ]
[ -- Removing output for Test: comp_file -- ]
[ -- Removing output for Test: comp_file_fail -- ]

[35m[ *** Executing Tests *** ][0m
[SciATH] Batch queueing system configuration [SciATH_launcher.conf]
  Version:           0.13.0
  MPI launcher:      none
  Submit command:    sh
  Blocking:          True
  Job-level ranks:   False
[36m[Executing foo][0m from <<TEST DIR STRIPPED>>/harness4_sandbox/foo_output/sandbox
sh <<TEST DIR STRIPPED>>/harness4_sandbox/foo_output/foo.sh
[36m[Executing foo2][0m from <<TEST DIR STRIPPED>>/harness4_sandbox/foo2_output/sandbox
sh <<TEST DIR STRIPPED>>/harness4_sandbox/foo2_output/foo2.sh
[36m[Executing foo_fail][0m from <<TEST DIR STRIPPED>>/harness4_sandbox/foo_fail_output/sandbox
sh <<TEST DIR STRIPPED>>/harness4_sandbox/foo_fail_output/foo_fail.sh
[36m[Executing missing][0m from <<TEST DIR STRIPPED>>/harness4_sandbox/missing_output/sandbox
sh <<TEST DIR STRIPPED>>/harness4_sandbox/missing_output/missing.sh
[36m[Executing many_words][0m from <<TEST DIR STRIPPED>>/harness4_sandbox/many_words_output/sandbox
sh <<TEST DIR STRIPPED>>/harness4_sandbox/many_words_output/many_words.sh
[36m[Executing comp_file][0m from <<TEST DIR STRIPPED>>/harness4_sandbox/comp_file_output/sandbox
sh <<TEST DIR STRIPPED>>/harness4_sandbox/comp_file_output/comp_file.sh
[36m[Executing comp_file_fail][0m from <<TEST DIR STRIPPED>>/harness4_sandbox/comp_file_fail_output/sandbox
sh <<TEST DIR STRIPPED>>/harness4_sandbox/comp_file_fail_output/comp_file_fail.sh

[35m[ *** Verification Reports *** ][0m
[36m[Report for foo_fail][0m
--- ../test_data/harness4/foo.expected
+++ <<TEST DIR STRIPPED>>/harness4_sandbox/foo_fail_output/foo_fail.stdout
@@ -1 +1 @@
-foo
+foox
check stdout file:
    less <<TEST DIR STRIPPED>>/harness4_sandbox/foo_fail_output/foo_fail.stdout
[36m[Report for missing][0m
[Comparison] Expected file missing: ../test_data/harness4/missing.expected
check stdout file:
    less <<TEST DIR STRIPPED>>/harness4_sandbox/missing_output/missing.stdout
[36m[Report for comp_file_fail][0m
--- ../test_data/harness4/comp_file_fail.expected
+++ <<TEST DIR STRIPPED>>/harness4_sandbox/comp_file_fail_output/sandbox/compare_me.txt
@@ -1 +1 @@
-foo
+qux

[35m[ *** Summary *** ][0m
[32m[foo]  pass[0m
[32m[foo2]  pass[0m
[91m[foo_fail]  fail[0m
[91m[missing]  fail[0m (expected file not found)
[32m[many_words]  pass[0m
[32m[comp_file]  pass[0m
[91m[comp_file_fail]  fail[0m

[91mFAILURE[0m
To re-run failed tests, use e.g.
  -t foo_fail,missing,comp_file_fail

Report written to file:
  <<TEST DIR STRIPPED>>/harness4_sandbox/sciath_test_report.txt
