[35m[ *** Cleanup *** ][0m
[ -- Removing output for Test: test1 -- ]
[ -- Removing output for Test: test2 -- ]
[ -- Removing output for Test: test3 -- ]
[ -- Removing output for Test: test4 -- ]

[35m[ *** Executing Tests *** ][0m
[SciATH] Batch queueing system configuration [SciATH_launcher.conf]
  Version:           0.9.0
  Queue system:      local
  MPI launcher:      none
  Submit command:    sh
[36m[Executing job][0m from <<TEST DIR STRIPPED>>/harness1_sandbox/test1_output/sandbox
sh <<TEST DIR STRIPPED>>/harness1_sandbox/test1_output/job.sh
[36m[Executing job][0m from <<TEST DIR STRIPPED>>/harness1_sandbox/test2_output/sandbox
sh <<TEST DIR STRIPPED>>/harness1_sandbox/test2_output/job.sh
[36m[Executing job][0m from <<TEST DIR STRIPPED>>/harness1_sandbox/test3_output/sandbox
sh <<TEST DIR STRIPPED>>/harness1_sandbox/test3_output/job.sh
[36m[Executing job][0m from <<TEST DIR STRIPPED>>/harness1_sandbox/test4_output/sandbox
sh <<TEST DIR STRIPPED>>/harness1_sandbox/test4_output/job.sh

[35m[ *** Verification Reports *** ][0m
[36m[Report for test4][0m
[ExitCodeDiff] Expected exit code(s): [0]
[ExitCodeDiff] Output exit code(s)  : [2]
[33mcheck non-empty stderr file:[0m
    less <<TEST DIR STRIPPED>>/harness1_sandbox/test4_output/job.stderr

[35m[ *** Summary *** ][0m
[32m[test1]  pass[0m
[32m[test2]  pass[0m
[32m[test3]  pass[0m
[91m[test4]  fail[0m

[91mFAILURE[0m
To re-run failed tests, use e.g.
  -t test4

Report written to file:
  <<TEST DIR STRIPPED>>/harness1_sandbox/sciath_test_report.txt
