Execute command + resources for jD
  cmd = echo "dependent job 3"
  mpiranks : 40
  idlempirankspernode : 0
  threads : 27
Execute command + resources for jA
  cmd = echo "job A"
  mpiranks : 4
  idlempirankspernode : 0
  threads : 11
Resources required for jA:      name = DMDA_interpolation  :
mpiranks : 4
idlempirankspernode : 0
threads : 11
Max. resources required for jA: name = DMDA_interpolation  :
mpiranks : 4
idlempirankspernode : 0
threads : 11
