Execute command + resources for job
  cmd = echo "task 1"
  mpiranks : 4
  threads : 11
  cmd = echo "task 2"
  mpiranks : 140
  threads : 1
  cmd = echo "task 3"
  mpiranks : 1
  threads : 1
  cmd = echo "task 4"
  mpiranks : 40
  threads : 27
Max. resources required for job
mpiranks : 140
threads : 27
