[35m[ *** Cleanup *** ][0m
[ -- Removing output for Test: relpath_test -- ]

[35m[ *** Executing Tests *** ][0m
[SciATH] Batch queueing system configuration [SciATHBatchQueuingSystem.conf]
  Version:           0.8.0
  Queue system:      none
  MPI launcher:      none
[36m[Executing relpath_test][0m from <<TEST DIR STRIPPED>>/module_relpath_sandbox/relpath_test_output/sandbox
sh <<TEST DIR STRIPPED>>/test_data/module_relpath/script.sh <<TEST DIR STRIPPED>>/test_data/module_relpath/data.txt

[35m[ *** Summary *** ][0m
[32m[relpath_test]  pass[0m

[32mSUCCESS[0m

Report written to file:
  <<TEST DIR STRIPPED>>/module_relpath_sandbox/sciath_test_report.txt
