[35m[ *** Cleanup *** ][0m
[ -- Removing output for Test: foo -- ]
[ -- Removing output for Test: foo_again -- ]
[ -- Removing output for Test: bar -- ]

[35m[ *** Executing Tests *** ][0m
[SciATH] Batch queueing system configuration [SciATHBatchQueuingSystem.conf]
  Version:           0.6.1
  Queue system:      none
  MPI launcher:      none
[36m[Executing foo][0m from <<TEST DIR STRIPPED>>/module_input_sandbox/foo_output/sandbox
echo foo
[36m[Executing foo_again][0m from <<TEST DIR STRIPPED>>/module_input_sandbox/foo_again_output/sandbox
echo foo
[36m[Executing bar][0m from <<TEST DIR STRIPPED>>/module_input_sandbox/bar_output/sandbox
printf 'a 34.3\nb43.3\n0.0\nx'

[35m[ *** Verification Reports *** ][0m
[36m[Report for bar][0m
--- <<TEST DIR STRIPPED>>/test_data/module_line_verifier/bar.expected
+++ <<TEST DIR STRIPPED>>/module_input_sandbox/bar_output/bar.stdout
Report for 3 expected line(s) matching: '^'
Output line 3 did not match line 3 in expected output:
Wrong number of values found: 1 instead of 0
Wrong number of matched lines: 4 instead of 3
check stdout file:
    less <<TEST DIR STRIPPED>>/module_input_sandbox/bar_output/bar.stdout

[35m[ *** Summary *** ][0m
[32m[foo]  pass[0m
[32m[foo_again]  pass[0m
[91m[bar]  fail[0m

[91mFAILURE[0m
To re-run failed tests, use e.g.
  -t bar

Report written to file:
  <<TEST DIR STRIPPED>>/module_input_sandbox/sciath_test_report.txt
