[35m[ *** Cleanup *** ][0m
[ -- Removing output for Test: two_ranks -- ]

[35m[ *** Executing Tests *** ][0m
[SciATH] Batch queueing system configuration [SciATH_launcher.conf]
  Version:           0.9.0
  Queue system:      local
  MPI launcher:      none
  Submit command:    sh

[35m[ *** Verification Reports *** ][0m
[36m[Report for two_ranks][0m
Not launched: requires MPI

[35m[ *** Summary *** ][0m
[33m[two_ranks]  skipped[0m (MPI required)

[91mFAILURE[0m

Report written to file:
  <<TEST DIR STRIPPED>>/multiple_ranks_no_mpi_sandbox/sciath_test_report.txt
