[35m[ *** Cleanup *** ][0m
[ -- Removing output for Test: two_ranks -- ]
[35m[ *** Executing Tests *** ][0m
[SciATH] Batch queueing system configuration [SciATHBatchQueuingSystem.conf]
  Version:           0.6.0
  Queue system:      none
  MPI launcher:      none
[Failed to launch test "two_ranks" as test uses > 1 MPI ranks and no MPI launcher was provided]
[35m[ *** Verification Reports *** ][0m
[36m[Report for two_ranks][0m
[Comparison] Output file missing: <<TEST DIR STRIPPED>>/multiple_ranks_no_mpi_sandbox/two_ranks_output/sciath.job-0-two_ranks.stdout
[35m[ *** Summary *** ][0m
[91m[two_ranks]  fail[0m (output file not found)

[91mFAILURE[0m
To re-run failed tests, use e.g.
  -t two_ranks
