[36m[Executing Test_1_ud][0m from <<TEST DIR STRIPPED>>/test2_sandbox/output
sh <<TEST DIR STRIPPED>>/test_data/test2/write_test1_ud.sh
[Test_1_ud] True None
[36m[Executing Test_2_ud][0m from <<TEST DIR STRIPPED>>/test2_sandbox/output
sh <<TEST DIR STRIPPED>>/test_data/test2/write_test2_ud.sh
[Test_2_ud] False None
--- <<TEST DIR STRIPPED>>/test_data/test2/t1.expected
+++ <<TEST DIR STRIPPED>>/test2_sandbox/output/Test_2_ud.stdout
@@ -1,3 +1,2 @@
 aBc
 kspits=30
-
