[35m[ *** Cleanup *** ][0m
[ -- Removing output for Test: foo -- ]

[35m[ *** Executing Tests *** ][0m
[SciATH] Batch queueing system configuration [SciATH_launcher.conf]
  Version:           0.12.0
  MPI launcher:      none
  Submit command:    sh
  Blocking:          True
  Job-level ranks:   False
[36m[Executing foo][0m from <<TEST DIR STRIPPED>>/verifier_update_sandbox/foo_output/sandbox
sh <<TEST DIR STRIPPED>>/verifier_update_sandbox/foo_output/foo.sh

[35m[ *** Verification Reports *** ][0m
[36m[Report for foo][0m
--- expected
+++ <<TEST DIR STRIPPED>>/verifier_update_sandbox/foo_output/foo.stdout
@@ -1 +1 @@
-bar
+foo
check stdout file:
    less <<TEST DIR STRIPPED>>/verifier_update_sandbox/foo_output/foo.stdout

[35m[ *** Summary *** ][0m
[91m[foo]  fail[0m

[91mFAILURE[0m
To re-run failed tests, use e.g.
  -t foo

Report written to file:
  <<TEST DIR STRIPPED>>/verifier_update_sandbox/sciath_test_report.txt
[SciATH] You have provided an argument to updated expected files.
[SciATH] This will attempt to OVERWRITE your expected files!
[SciATH] Are you sure? Type 'y' to continue: [35m[ *** Cleanup *** ][0m
[ -- Removing output for Test: foo -- ]

[35m[ *** Executing Tests *** ][0m
[SciATH] Batch queueing system configuration [SciATH_launcher.conf]
  Version:           0.12.0
  MPI launcher:      none
  Submit command:    sh
  Blocking:          True
  Job-level ranks:   False
[36m[Executing foo][0m from <<TEST DIR STRIPPED>>/verifier_update_sandbox/foo_output/sandbox
sh <<TEST DIR STRIPPED>>/verifier_update_sandbox/foo_output/foo.sh
[35m[ *** Updating Expected Output *** ][0m
[ -- Updating output for Test: foo -- ]

[35m[ *** Summary *** ][0m
[32m[foo]  pass[0m

[32mSUCCESS[0m

Report written to file:
  <<TEST DIR STRIPPED>>/verifier_update_sandbox/sciath_test_report.txt
[35m[ *** Cleanup *** ][0m
[ -- Removing output for Test: foo -- ]

[35m[ *** Executing Tests *** ][0m
[SciATH] Batch queueing system configuration [SciATH_launcher.conf]
  Version:           0.12.0
  MPI launcher:      none
  Submit command:    sh
  Blocking:          True
  Job-level ranks:   False
[36m[Executing foo][0m from <<TEST DIR STRIPPED>>/verifier_update_sandbox/foo_output/sandbox
sh <<TEST DIR STRIPPED>>/verifier_update_sandbox/foo_output/foo.sh

[35m[ *** Summary *** ][0m
[32m[foo]  pass[0m

[32mSUCCESS[0m

Report written to file:
  <<TEST DIR STRIPPED>>/verifier_update_sandbox/sciath_test_report.txt
