{'finally': {'finally': {'finally': ['we are done now', 'really']}}, 'hello': [{'foo': ['a', 'b', 'c']}, {'bar': ''}, {'baz': {'alpha': '', 'beta': ['', ['xx', 'xy'], 'y'], 'gamma': {'epsilon': ''}}}], 'now': ['then', 'forever', {'dunce': {'trounce': ['thimble', 'crumble']}, 'whence': [['nonce']]}, 'again']}
