{'comments_in_entries': ['not # recommended', 'may not behave "#as_expected"'], 'commmand': "echo 'foo' && mv $FILE $FILE.bak", 'finally': {'finally': {'finally': ['we are done now', 'really']}}, 'hello': [{'foo': ['a', 'b', 'c']}, {'bar': ''}, {'baz': {'alpha': '', 'beta': ['', ['xx', 'xy'], 'y'], 'gamma': {'epsilon': ''}}}], 'how_about': [{'compact': ['1', '2'], 'nested': 'x', 'sequence': ''}], 'mapping_with_a_colon': "echo 'foo: '", 'now': ['then', 'forever', {'dunce': {'trounce': ['thimble', 'crumble']}, 'whence': [['nonce']]}, 'again'], 'sequence_with_a_colon': [{"echo 'foo": "'"}, {'x': 'y:z'}]}
